<html>
<body>
<pre>
<h1>礦ision Build Log</h1>
<h2>Tool Versions:</h2>
IDE-Version: μVision V5.24.2.0
Copyright (C) 2017 ARM Ltd and ARM Germany GmbH. All rights reserved.
License Information: hgjh LTT, asraAF, LIC=----
 
Tool Versions:
Toolchain:       MDK-ARM Plus  Version: 5.24.1
Toolchain Path:  E:\keil5\ARM\ARMCC\Bin
C Compiler:      Armcc.exe V5.06 update 5 (build 528)
Assembler:       Armasm.exe V5.06 update 5 (build 528)
Linker/Locator:  ArmLink.exe V5.06 update 5 (build 528)
Library Manager: ArmAr.exe V5.06 update 5 (build 528)
Hex Converter:   FromElf.exe V5.06 update 5 (build 528)
CPU DLL:         SARMCM3.DLL V5.24.1
Dialog DLL:      DCM.DLL V1.16.0.0
Target DLL:      STLink\ST-LINKIII-KEIL_SWO.dll V3.0.1.0
Dialog DLL:      TCM.DLL V1.32.0.0
 
<h2>Project:</h2>
D:\小车底盘资料\1.高配版全向轮小车源码V2(STM32F1版)\USER\Minibalance.uvproj
Project File Date:  10/03/2018

<h2>Output:</h2>
*** Using Compiler 'V5.06 update 5 (build 528)', folder: 'E:\keil5\ARM\ARMCC\Bin'
Rebuild target 'Target 1'
assembling startup_stm32f10x_hd.s...
compiling Minibalance.c...
compiling delay.c...
compiling sys.c...
compiling usart.c...
compiling LED.C...
compiling key.c...
compiling adc.c...
compiling oled.c...
compiling motor.c...
compiling encoder.c...
compiling IOI2C.c...
compiling exti.c...
compiling can.c...
compiling stmflash.c...
compiling usartx.c...
compiling pstwo.c...
compiling control.c...
compiling filter.c...
compiling inv_mpu_dmp_motion_driver.c...
compiling inv_mpu.c...
compiling MPU6050.c...
compiling show.c...
linking...
Program Size: Code=44326 RO-data=6602 RW-data=520 ZI-data=3944  
FromELF: creating hex file...
"..\OBJ\Minibalance.axf" - 0 Error(s), 0 Warning(s).
Build Time Elapsed:  00:00:08
</pre>
</body>
</html>
